3
"fooquxxbaz"
4
0
4
0
0
7
0
7
1
1
1
0
{"foo"}
{"foo", 13, 10}
{"foo", 10, "bar", 10}
{102, 111, 111, 13, 10}
"~7Efoo"
"foo~0Abar~0D"
"foo~0Abar~0D"
"SAEmC5UwrAl2A"
